# NextKey — the confidential release decision, bound to the chain.
# Chainlink CRE Confidential Workflow, AWS Nitro us-west-2. Recorded 2026-09-06,
# re-run 2026-09-13 against a newer request — that second run is at the end of
# this file, and its hash is the one the site compares against today.
#
# What this run demonstrates, in one sentence: a verdict about a request that
# an autonomous agent filed on chain, decided over data that never left the
# enclave, and tied to that request by a hash anyone can recompute.

PS> cre workflow simulate my-workflow

! Using default private key for chain write simulation.
✓ Workflow compiled
✓ Simulation limits enabled
  Binary hash: 7be2a5d4a51de312c2ce8bc8cc9a8892b20fc424ac6d81ac8262d0266bc27419
  Config hash: d953d5cbcc7da1259941b9fec9dbf0fed2ef5cd91bb17aab86890ecbe5b025cc

2026-09-06T10:14:41Z [SIMULATION] Simulator Initialized
2026-09-06T10:14:41Z [SIMULATION] Running trigger trigger=cron-trigger@1.0.0

╭────────────────────────────────────────────────────────────────────────────────────╮
│ Trigger requested TEE Execution your trigger will run in one of the following Tees: │
│     - AWS Nitro in us-west-2                                                        │
│ During real execution, user logs for this trigger will not be visible, and will not │
│ leave the TEE. They are presented in the simulator for debugging only.              │
╰────────────────────────────────────────────────────────────────────────────────────╯

2026-09-06T10:15:00Z [USER LOG] Decision for 0x57663ef80875b452: RELEASE (quorum_and_delay_satisfied)
2026-09-06T10:15:00Z [USER LOG] Bound to on-chain request 0x7b2a1ed622c22c8eebf5b591a25c5bfcf2d1896ce61d1d05efdf53f13b8ce0f3

✓ Workflow Simulation Result:
"RELEASE — quorum_and_delay_satisfied (request 0x57663ef80875b452, bound to 0x7b2a1ed6…, secret in enclave: true)"

2026-09-06T10:15:00Z [SIMULATION] Execution finished signal received

# ─────────────────────────────────────────────────────────────────────────────
# How to check this rather than believe it
# ─────────────────────────────────────────────────────────────────────────────
#
# 1. Read the request off the chain. It is a public text record:
#
#      node scripts/agent.mjs show
#
#    It was written by tx 0x50710bce5288ad654894a1ec22b6f724b8ad301142da78fcaeaa05a4c960d1bd,
#    signed by the agent's own key, under an ENS role that permits that one
#    record on that one name and nothing else.
#
# 2. Hash it. `show` prints the hash; `bun test` asserts it independently.
#    It is 0x7b2a1ed622c22c8eebf5b591a25c5bfcf2d1896ce61d1d05efdf53f13b8ce0f3.
#
# 3. Compare with the hash in the verdict above. They agree, so the enclave
#    judged this request — not a different one, and not a modified one.
#
#    `scripts/release.mjs check` performs exactly that comparison, and refuses
#    to act when it fails. See evidence/release-loop.log for a run where it
#    does fail, on purpose.
#
# ─────────────────────────────────────────────────────────────────────────────
# What crossed back out of the enclave, and what did not
# ─────────────────────────────────────────────────────────────────────────────
#
# Out:  the request id, the verdict, a coarse reason, and the hash of a record
#       that was already public.
#
# Not out:  who the guardians are, how many approved, what the quorum is, how
#       far the request was from its threshold, and the API credential. The
#       distance to a threshold is itself useful to an attacker — which is why
#       the reason is `quorum_not_met` rather than `1_of_2`.
#
# Honest scope: CRE protects data *during execution*, not source code. This
# workflow is public, as it should be for an open-source project. The claim is
# narrow and true — the secret never passes a node an operator can inspect. It
# is not a claim that the release logic is hidden.
#
# Also honest: the guardian approvals in fixtures/release-request.json are
# fabricated stand-ins. Guardians are not built yet. The request they surround
# is real and on chain; the people are not, and the fixture says so in its
# first field.

# ─────────────────────────────────────────────────────────────────────────────
# Re-run, 13 September 2026 — the request changed, so the verdict was renewed
# ─────────────────────────────────────────────────────────────────────────────
#
# Why there is a second run at all: the agent filed a new proposal
# (requestId 0xdb00d3a9680e1412), which replaced the record above on chain. The
# hash therefore changed, and the 6 September verdict stopped applying to what
# is stored — which the site said, in red, without being told to. That is the
# binding working. An approval cannot follow a request it was not given.
#
# The fix is not to edit the comparison. It is to run the decision again over
# the request that is actually there.

PS> node --env-file=.env scripts/agent.mjs fixture 2 60 2
PS> cre workflow simulate my-workflow

✓ Workflow compiled
  Binary hash: 7be2a5d4a51de312c2ce8bc8cc9a8892b20fc424ac6d81ac8262d0266bc27419
  Config hash: d953d5cbcc7da1259941b9fec9dbf0fed2ef5cd91bb17aab86890ecbe5b025cc

2026-09-13T06:10:49Z [SIMULATION] Simulator Initialized
2026-09-13T06:10:49Z [SIMULATION] Running trigger trigger=cron-trigger@1.0.0

  Trigger requested TEE Execution: AWS Nitro in us-west-2.

2026-09-13T06:11:00Z [USER LOG] Decision for 0xdb00d3a9680e1412: RELEASE (quorum_and_delay_satisfied)
2026-09-13T06:11:00Z [USER LOG] Bound to on-chain request 0xa7ddef673bae2ff74e473349d76815097156cd04be64dea6a4a951de1541abdb

✓ Workflow Simulation Result:
"RELEASE — quorum_and_delay_satisfied (request 0xdb00d3a9680e1412, bound to 0xa7ddef67…, secret in enclave: true)"

2026-09-13T06:11:00Z [SIMULATION] Execution finished signal received

# The binary and config hashes are identical to the 6 September run: same
# workflow, same configuration, different input. Only the request and the hash
# it is bound to have moved.
#
# Check it the same way as above:
#
#      node --env-file=.env scripts/agent.mjs show
#
# prints 0xa7ddef673bae2ff74e473349d76815097156cd04be64dea6a4a951de1541abdb,
# which is the value the verdict carries and the value
# web/src/app.js compares against on the live page.
#
# The caveat from the first run is unchanged and worth repeating: the guardian
# approvals in fixtures/release-request.json are fabricated stand-ins. The
# request they surround is real and on chain; the people are not.
